Activated service account credentials for: [marketplace-dev-circleci@oproxy-dev.iam.gserviceaccount.com]
